Archive member included to satisfy reference by file (symbol)

lib/ADC/libADC.a(ADC.c.obj)   CMakeFiles/NixieClock.elf.dir/src/main.c.obj (ADC_Init)
lib/PID/libPID.a(PID.c.obj)   CMakeFiles/NixieClock.elf.dir/src/main.c.obj (arm_pid_f32)
lib/RTC/libRTC.a(RTC.c.obj)   CMakeFiles/NixieClock.elf.dir/src/main.c.obj (RTC_BCDtoDEC)
lib/TWI/libTWI.a(TWI.c.obj)   CMakeFiles/NixieClock.elf.dir/src/main.c.obj (I2C_Init)
e:/toolchain/avr8-gnu-toolchain/bin/../lib/gcc/avr/7.3.0/avr25\libgcc.a(_udivmodqi4.o)
                              CMakeFiles/NixieClock.elf.dir/src/main.c.obj (__udivmodqi4)
e:/toolchain/avr8-gnu-toolchain/bin/../lib/gcc/avr/7.3.0/avr25\libgcc.a(_udivmodhi4.o)
                              CMakeFiles/NixieClock.elf.dir/src/main.c.obj (__udivmodhi4)
e:/toolchain/avr8-gnu-toolchain/bin/../lib/gcc/avr/7.3.0/avr25\libgcc.a(_udivmodsi4.o)
                              CMakeFiles/NixieClock.elf.dir/src/main.c.obj (__udivmodsi4)
e:/toolchain/avr8-gnu-toolchain/bin/../lib/gcc/avr/7.3.0/avr25\libgcc.a(_exit.o)
                              e:/toolchain/avr8-gnu-toolchain/bin/../lib/gcc/avr/7.3.0/../../../../avr/lib/avr25/crtattiny88.o (exit)
e:/toolchain/avr8-gnu-toolchain/bin/../lib/gcc/avr/7.3.0/avr25\libgcc.a(_clear_bss.o)
                              CMakeFiles/NixieClock.elf.dir/src/indication.c.obj (__do_clear_bss)
e:/toolchain/avr8-gnu-toolchain/bin/../lib/gcc/avr/7.3.0/../../../../avr/lib/avr25\libm.a(addsf3.o)
                              CMakeFiles/NixieClock.elf.dir/src/indication.c.obj (__subsf3)
e:/toolchain/avr8-gnu-toolchain/bin/../lib/gcc/avr/7.3.0/../../../../avr/lib/avr25\libm.a(addsf3x.o)
                              e:/toolchain/avr8-gnu-toolchain/bin/../lib/gcc/avr/7.3.0/../../../../avr/lib/avr25\libm.a(addsf3.o) (__addsf3x)
e:/toolchain/avr8-gnu-toolchain/bin/../lib/gcc/avr/7.3.0/../../../../avr/lib/avr25\libm.a(cmpsf2.o)
                              CMakeFiles/NixieClock.elf.dir/src/main.c.obj (__ltsf2)
e:/toolchain/avr8-gnu-toolchain/bin/../lib/gcc/avr/7.3.0/../../../../avr/lib/avr25\libm.a(fixunssfsi.o)
                              CMakeFiles/NixieClock.elf.dir/src/main.c.obj (__fixunssfsi)
e:/toolchain/avr8-gnu-toolchain/bin/../lib/gcc/avr/7.3.0/../../../../avr/lib/avr25\libm.a(floatsisf.o)
                              CMakeFiles/NixieClock.elf.dir/src/main.c.obj (__floatunsisf)
e:/toolchain/avr8-gnu-toolchain/bin/../lib/gcc/avr/7.3.0/../../../../avr/lib/avr25\libm.a(fp_cmp.o)
                              e:/toolchain/avr8-gnu-toolchain/bin/../lib/gcc/avr/7.3.0/../../../../avr/lib/avr25\libm.a(cmpsf2.o) (__fp_cmp)
e:/toolchain/avr8-gnu-toolchain/bin/../lib/gcc/avr/7.3.0/../../../../avr/lib/avr25\libm.a(fp_inf.o)
                              e:/toolchain/avr8-gnu-toolchain/bin/../lib/gcc/avr/7.3.0/../../../../avr/lib/avr25\libm.a(addsf3x.o) (__fp_inf)
e:/toolchain/avr8-gnu-toolchain/bin/../lib/gcc/avr/7.3.0/../../../../avr/lib/avr25\libm.a(fp_nan.o)
                              e:/toolchain/avr8-gnu-toolchain/bin/../lib/gcc/avr/7.3.0/../../../../avr/lib/avr25\libm.a(addsf3x.o) (__fp_nan)
e:/toolchain/avr8-gnu-toolchain/bin/../lib/gcc/avr/7.3.0/../../../../avr/lib/avr25\libm.a(fp_pscA.o)
                              e:/toolchain/avr8-gnu-toolchain/bin/../lib/gcc/avr/7.3.0/../../../../avr/lib/avr25\libm.a(addsf3x.o) (__fp_pscA)
e:/toolchain/avr8-gnu-toolchain/bin/../lib/gcc/avr/7.3.0/../../../../avr/lib/avr25\libm.a(fp_pscB.o)
                              e:/toolchain/avr8-gnu-toolchain/bin/../lib/gcc/avr/7.3.0/../../../../avr/lib/avr25\libm.a(addsf3x.o) (__fp_pscB)
e:/toolchain/avr8-gnu-toolchain/bin/../lib/gcc/avr/7.3.0/../../../../avr/lib/avr25\libm.a(fp_round.o)
                              e:/toolchain/avr8-gnu-toolchain/bin/../lib/gcc/avr/7.3.0/../../../../avr/lib/avr25\libm.a(addsf3.o) (__fp_round)
e:/toolchain/avr8-gnu-toolchain/bin/../lib/gcc/avr/7.3.0/../../../../avr/lib/avr25\libm.a(fp_split3.o)
                              e:/toolchain/avr8-gnu-toolchain/bin/../lib/gcc/avr/7.3.0/../../../../avr/lib/avr25\libm.a(addsf3x.o) (__fp_split3)
e:/toolchain/avr8-gnu-toolchain/bin/../lib/gcc/avr/7.3.0/../../../../avr/lib/avr25\libm.a(fp_zero.o)
                              e:/toolchain/avr8-gnu-toolchain/bin/../lib/gcc/avr/7.3.0/../../../../avr/lib/avr25\libm.a(addsf3x.o) (__fp_zero)
e:/toolchain/avr8-gnu-toolchain/bin/../lib/gcc/avr/7.3.0/../../../../avr/lib/avr25\libm.a(gesf2.o)
                              CMakeFiles/NixieClock.elf.dir/src/indication.c.obj (__gtsf2)
e:/toolchain/avr8-gnu-toolchain/bin/../lib/gcc/avr/7.3.0/../../../../avr/lib/avr25\libm.a(mulsf3.o)
                              CMakeFiles/NixieClock.elf.dir/src/main.c.obj (__mulsf3)
e:/toolchain/avr8-gnu-toolchain/bin/../lib/gcc/avr/7.3.0/../../../../avr/lib/avr25\libm.a(mulsf3x.o)
                              e:/toolchain/avr8-gnu-toolchain/bin/../lib/gcc/avr/7.3.0/../../../../avr/lib/avr25\libm.a(mulsf3.o) (__mulsf3x)

Allocating common symbols
Common symbol       size              file

temperature         0xc               CMakeFiles/NixieClock.elf.dir/src/indication.c.obj
voltage             0x3e              CMakeFiles/NixieClock.elf.dir/src/indication.c.obj
cad                 0x6               CMakeFiles/NixieClock.elf.dir/src/indication.c.obj
time                0x4               CMakeFiles/NixieClock.elf.dir/src/indication.c.obj
indication          0xb               CMakeFiles/NixieClock.elf.dir/src/indication.c.obj

Discarded input sections

 .data          0x0000000000000000        0x0 e:/toolchain/avr8-gnu-toolchain/bin/../lib/gcc/avr/7.3.0/../../../../avr/lib/avr25/crtattiny88.o
 .bss           0x0000000000000000        0x0 e:/toolchain/avr8-gnu-toolchain/bin/../lib/gcc/avr/7.3.0/../../../../avr/lib/avr25/crtattiny88.o
 .text          0x0000000000000000        0x0 CMakeFiles/NixieClock.elf.dir/src/indication.c.obj
 .data          0x0000000000000000        0x0 CMakeFiles/NixieClock.elf.dir/src/indication.c.obj
 .bss           0x0000000000000000        0x0 CMakeFiles/NixieClock.elf.dir/src/indication.c.obj
 .text          0x0000000000000000        0x0 CMakeFiles/NixieClock.elf.dir/src/init.c.obj
 .data          0x0000000000000000        0x0 CMakeFiles/NixieClock.elf.dir/src/init.c.obj
 .bss           0x0000000000000000        0x0 CMakeFiles/NixieClock.elf.dir/src/init.c.obj
 .text          0x0000000000000000        0x0 CMakeFiles/NixieClock.elf.dir/src/main.c.obj
 .data          0x0000000000000000        0x0 CMakeFiles/NixieClock.elf.dir/src/main.c.obj
 .bss           0x0000000000000000        0x0 CMakeFiles/NixieClock.elf.dir/src/main.c.obj
 .avr.prop      0x0000000000000000       0x1f CMakeFiles/NixieClock.elf.dir/src/main.c.obj
 .text          0x0000000000000000        0x0 lib/ADC/libADC.a(ADC.c.obj)
 .data          0x0000000000000000        0x0 lib/ADC/libADC.a(ADC.c.obj)
 .bss           0x0000000000000000        0x0 lib/ADC/libADC.a(ADC.c.obj)
 .text          0x0000000000000000        0x0 lib/PID/libPID.a(PID.c.obj)
 .data          0x0000000000000000        0x0 lib/PID/libPID.a(PID.c.obj)
 .bss           0x0000000000000000        0x0 lib/PID/libPID.a(PID.c.obj)
 .text.arm_pid_reset_f32
                0x0000000000000000        0xe lib/PID/libPID.a(PID.c.obj)
 .text          0x0000000000000000        0x0 lib/RTC/libRTC.a(RTC.c.obj)
 .data          0x0000000000000000        0x0 lib/RTC/libRTC.a(RTC.c.obj)
 .bss           0x0000000000000000        0x0 lib/RTC/libRTC.a(RTC.c.obj)
 .text          0x0000000000000000        0x0 lib/TWI/libTWI.a(TWI.c.obj)
 .data          0x0000000000000000        0x0 lib/TWI/libTWI.a(TWI.c.obj)
 .bss           0x0000000000000000        0x0 lib/TWI/libTWI.a(TWI.c.obj)
 .text.I2C_SendByteByADDR
                0x0000000000000000       0x3a lib/TWI/libTWI.a(TWI.c.obj)
 .text          0x0000000000000000        0x0 e:/toolchain/avr8-gnu-toolchain/bin/../lib/gcc/avr/7.3.0/avr25\libgcc.a(_udivmodqi4.o)
 .data          0x0000000000000000        0x0 e:/toolchain/avr8-gnu-toolchain/bin/../lib/gcc/avr/7.3.0/avr25\libgcc.a(_udivmodqi4.o)
 .bss           0x0000000000000000        0x0 e:/toolchain/avr8-gnu-toolchain/bin/../lib/gcc/avr/7.3.0/avr25\libgcc.a(_udivmodqi4.o)
 .text.libgcc.mul
                0x0000000000000000        0x0 e:/toolchain/avr8-gnu-toolchain/bin/../lib/gcc/avr/7.3.0/avr25\libgcc.a(_udivmodqi4.o)
 .text.libgcc   0x0000000000000000        0x0 e:/toolchain/avr8-gnu-toolchain/bin/../lib/gcc/avr/7.3.0/avr25\libgcc.a(_udivmodqi4.o)
 .text.libgcc.prologue
                0x0000000000000000        0x0 e:/toolchain/avr8-gnu-toolchain/bin/../lib/gcc/avr/7.3.0/avr25\libgcc.a(_udivmodqi4.o)
 .text.libgcc.builtins
                0x0000000000000000        0x0 e:/toolchain/avr8-gnu-toolchain/bin/../lib/gcc/avr/7.3.0/avr25\libgcc.a(_udivmodqi4.o)
 .text.libgcc.fmul
                0x0000000000000000        0x0 e:/toolchain/avr8-gnu-toolchain/bin/../lib/gcc/avr/7.3.0/avr25\libgcc.a(_udivmodqi4.o)
 .text.libgcc.fixed
                0x0000000000000000        0x0 e:/toolchain/avr8-gnu-toolchain/bin/../lib/gcc/avr/7.3.0/avr25\libgcc.a(_udivmodqi4.o)
 .text          0x0000000000000000        0x0 e:/toolchain/avr8-gnu-toolchain/bin/../lib/gcc/avr/7.3.0/avr25\libgcc.a(_udivmodhi4.o)
 .data          0x0000000000000000        0x0 e:/toolchain/avr8-gnu-toolchain/bin/../lib/gcc/avr/7.3.0/avr25\libgcc.a(_udivmodhi4.o)
 .bss           0x0000000000000000        0x0 e:/toolchain/avr8-gnu-toolchain/bin/../lib/gcc/avr/7.3.0/avr25\libgcc.a(_udivmodhi4.o)
 .text.libgcc.mul
                0x0000000000000000        0x0 e:/toolchain/avr8-gnu-toolchain/bin/../lib/gcc/avr/7.3.0/avr25\libgcc.a(_udivmodhi4.o)
 .text.libgcc   0x0000000000000000        0x0 e:/toolchain/avr8-gnu-toolchain/bin/../lib/gcc/avr/7.3.0/avr25\libgcc.a(_udivmodhi4.o)
 .text.libgcc.prologue
                0x0000000000000000        0x0 e:/toolchain/avr8-gnu-toolchain/bin/../lib/gcc/avr/7.3.0/avr25\libgcc.a(_udivmodhi4.o)
 .text.libgcc.builtins
                0x0000000000000000        0x0 e:/toolchain/avr8-gnu-toolchain/bin/../lib/gcc/avr/7.3.0/avr25\libgcc.a(_udivmodhi4.o)
 .text.libgcc.fmul
                0x0000000000000000        0x0 e:/toolchain/avr8-gnu-toolchain/bin/../lib/gcc/avr/7.3.0/avr25\libgcc.a(_udivmodhi4.o)
 .text.libgcc.fixed
                0x0000000000000000        0x0 e:/toolchain/avr8-gnu-toolchain/bin/../lib/gcc/avr/7.3.0/avr25\libgcc.a(_udivmodhi4.o)
 .text          0x0000000000000000        0x0 e:/toolchain/avr8-gnu-toolchain/bin/../lib/gcc/avr/7.3.0/avr25\libgcc.a(_udivmodsi4.o)
 .data          0x0000000000000000        0x0 e:/toolchain/avr8-gnu-toolchain/bin/../lib/gcc/avr/7.3.0/avr25\libgcc.a(_udivmodsi4.o)
 .bss           0x0000000000000000        0x0 e:/toolchain/avr8-gnu-toolchain/bin/../lib/gcc/avr/7.3.0/avr25\libgcc.a(_udivmodsi4.o)
 .text.libgcc.mul
                0x0000000000000000        0x0 e:/toolchain/avr8-gnu-toolchain/bin/../lib/gcc/avr/7.3.0/avr25\libgcc.a(_udivmodsi4.o)
 .text.libgcc   0x0000000000000000        0x0 e:/toolchain/avr8-gnu-toolchain/bin/../lib/gcc/avr/7.3.0/avr25\libgcc.a(_udivmodsi4.o)
 .text.libgcc.prologue
                0x0000000000000000        0x0 e:/toolchain/avr8-gnu-toolchain/bin/../lib/gcc/avr/7.3.0/avr25\libgcc.a(_udivmodsi4.o)
 .text.libgcc.builtins
                0x0000000000000000        0x0 e:/toolchain/avr8-gnu-toolchain/bin/../lib/gcc/avr/7.3.0/avr25\libgcc.a(_udivmodsi4.o)
 .text.libgcc.fmul
                0x0000000000000000        0x0 e:/toolchain/avr8-gnu-toolchain/bin/../lib/gcc/avr/7.3.0/avr25\libgcc.a(_udivmodsi4.o)
 .text.libgcc.fixed
                0x0000000000000000        0x0 e:/toolchain/avr8-gnu-toolchain/bin/../lib/gcc/avr/7.3.0/avr25\libgcc.a(_udivmodsi4.o)
 .text          0x0000000000000000        0x0 e:/toolchain/avr8-gnu-toolchain/bin/../lib/gcc/avr/7.3.0/avr25\libgcc.a(_exit.o)
 .data          0x0000000000000000        0x0 e:/toolchain/avr8-gnu-toolchain/bin/../lib/gcc/avr/7.3.0/avr25\libgcc.a(_exit.o)
 .bss           0x0000000000000000        0x0 e:/toolchain/avr8-gnu-toolchain/bin/../lib/gcc/avr/7.3.0/avr25\libgcc.a(_exit.o)
 .text.libgcc.mul
                0x0000000000000000        0x0 e:/toolchain/avr8-gnu-toolchain/bin/../lib/gcc/avr/7.3.0/avr25\libgcc.a(_exit.o)
 .text.libgcc.div
                0x0000000000000000        0x0 e:/toolchain/avr8-gnu-toolchain/bin/../lib/gcc/avr/7.3.0/avr25\libgcc.a(_exit.o)
 .text.libgcc   0x0000000000000000        0x0 e:/toolchain/avr8-gnu-toolchain/bin/../lib/gcc/avr/7.3.0/avr25\libgcc.a(_exit.o)
 .text.libgcc.prologue
                0x0000000000000000        0x0 e:/toolchain/avr8-gnu-toolchain/bin/../lib/gcc/avr/7.3.0/avr25\libgcc.a(_exit.o)
 .text.libgcc.builtins
                0x0000000000000000        0x0 e:/toolchain/avr8-gnu-toolchain/bin/../lib/gcc/avr/7.3.0/avr25\libgcc.a(_exit.o)
 .text.libgcc.fmul
                0x0000000000000000        0x0 e:/toolchain/avr8-gnu-toolchain/bin/../lib/gcc/avr/7.3.0/avr25\libgcc.a(_exit.o)
 .text.libgcc.fixed
                0x0000000000000000        0x0 e:/toolchain/avr8-gnu-toolchain/bin/../lib/gcc/avr/7.3.0/avr25\libgcc.a(_exit.o)
 .text          0x0000000000000000        0x0 e:/toolchain/avr8-gnu-toolchain/bin/../lib/gcc/avr/7.3.0/avr25\libgcc.a(_clear_bss.o)
 .data          0x0000000000000000        0x0 e:/toolchain/avr8-gnu-toolchain/bin/../lib/gcc/avr/7.3.0/avr25\libgcc.a(_clear_bss.o)
 .bss           0x0000000000000000        0x0 e:/toolchain/avr8-gnu-toolchain/bin/../lib/gcc/avr/7.3.0/avr25\libgcc.a(_clear_bss.o)
 .text.libgcc.mul
                0x0000000000000000        0x0 e:/toolchain/avr8-gnu-toolchain/bin/../lib/gcc/avr/7.3.0/avr25\libgcc.a(_clear_bss.o)
 .text.libgcc.div
                0x0000000000000000        0x0 e:/toolchain/avr8-gnu-toolchain/bin/../lib/gcc/avr/7.3.0/avr25\libgcc.a(_clear_bss.o)
 .text.libgcc   0x0000000000000000        0x0 e:/toolchain/avr8-gnu-toolchain/bin/../lib/gcc/avr/7.3.0/avr25\libgcc.a(_clear_bss.o)
 .text.libgcc.prologue
                0x0000000000000000        0x0 e:/toolchain/avr8-gnu-toolchain/bin/../lib/gcc/avr/7.3.0/avr25\libgcc.a(_clear_bss.o)
 .text.libgcc.builtins
                0x0000000000000000        0x0 e:/toolchain/avr8-gnu-toolchain/bin/../lib/gcc/avr/7.3.0/avr25\libgcc.a(_clear_bss.o)
 .text.libgcc.fmul
                0x0000000000000000        0x0 e:/toolchain/avr8-gnu-toolchain/bin/../lib/gcc/avr/7.3.0/avr25\libgcc.a(_clear_bss.o)
 .text.libgcc.fixed
                0x0000000000000000        0x0 e:/toolchain/avr8-gnu-toolchain/bin/../lib/gcc/avr/7.3.0/avr25\libgcc.a(_clear_bss.o)
 .text          0x0000000000000000        0x0 e:/toolchain/avr8-gnu-toolchain/bin/../lib/gcc/avr/7.3.0/../../../../avr/lib/avr25\libm.a(addsf3.o)
 .data          0x0000000000000000        0x0 e:/toolchain/avr8-gnu-toolchain/bin/../lib/gcc/avr/7.3.0/../../../../avr/lib/avr25\libm.a(addsf3.o)
 .bss           0x0000000000000000        0x0 e:/toolchain/avr8-gnu-toolchain/bin/../lib/gcc/avr/7.3.0/../../../../avr/lib/avr25\libm.a(addsf3.o)
 .text          0x0000000000000000        0x0 e:/toolchain/avr8-gnu-toolchain/bin/../lib/gcc/avr/7.3.0/../../../../avr/lib/avr25\libm.a(addsf3x.o)
 .data          0x0000000000000000        0x0 e:/toolchain/avr8-gnu-toolchain/bin/../lib/gcc/avr/7.3.0/../../../../avr/lib/avr25\libm.a(addsf3x.o)
 .bss           0x0000000000000000        0x0 e:/toolchain/avr8-gnu-toolchain/bin/../lib/gcc/avr/7.3.0/../../../../avr/lib/avr25\libm.a(addsf3x.o)
 .text          0x0000000000000000        0x0 e:/toolchain/avr8-gnu-toolchain/bin/../lib/gcc/avr/7.3.0/../../../../avr/lib/avr25\libm.a(cmpsf2.o)
 .data          0x0000000000000000        0x0 e:/toolchain/avr8-gnu-toolchain/bin/../lib/gcc/avr/7.3.0/../../../../avr/lib/avr25\libm.a(cmpsf2.o)
 .bss           0x0000000000000000        0x0 e:/toolchain/avr8-gnu-toolchain/bin/../lib/gcc/avr/7.3.0/../../../../avr/lib/avr25\libm.a(cmpsf2.o)
 .text          0x0000000000000000        0x0 e:/toolchain/avr8-gnu-toolchain/bin/../lib/gcc/avr/7.3.0/../../../../avr/lib/avr25\libm.a(fixunssfsi.o)
 .data          0x0000000000000000        0x0 e:/toolchain/avr8-gnu-toolchain/bin/../lib/gcc/avr/7.3.0/../../../../avr/lib/avr25\libm.a(fixunssfsi.o)
 .bss           0x0000000000000000        0x0 e:/toolchain/avr8-gnu-toolchain/bin/../lib/gcc/avr/7.3.0/../../../../avr/lib/avr25\libm.a(fixunssfsi.o)
 .text          0x0000000000000000        0x0 e:/toolchain/avr8-gnu-toolchain/bin/../lib/gcc/avr/7.3.0/../../../../avr/lib/avr25\libm.a(floatsisf.o)
 .data          0x0000000000000000        0x0 e:/toolchain/avr8-gnu-toolchain/bin/../lib/gcc/avr/7.3.0/../../../../avr/lib/avr25\libm.a(floatsisf.o)
 .bss           0x0000000000000000        0x0 e:/toolchain/avr8-gnu-toolchain/bin/../lib/gcc/avr/7.3.0/../../../../avr/lib/avr25\libm.a(floatsisf.o)
 .text          0x0000000000000000        0x0 e:/toolchain/avr8-gnu-toolchain/bin/../lib/gcc/avr/7.3.0/../../../../avr/lib/avr25\libm.a(fp_cmp.o)
 .data          0x0000000000000000        0x0 e:/toolchain/avr8-gnu-toolchain/bin/../lib/gcc/avr/7.3.0/../../../../avr/lib/avr25\libm.a(fp_cmp.o)
 .bss           0x0000000000000000        0x0 e:/toolchain/avr8-gnu-toolchain/bin/../lib/gcc/avr/7.3.0/../../../../avr/lib/avr25\libm.a(fp_cmp.o)
 .text          0x0000000000000000        0x0 e:/toolchain/avr8-gnu-toolchain/bin/../lib/gcc/avr/7.3.0/../../../../avr/lib/avr25\libm.a(fp_inf.o)
 .data          0x0000000000000000        0x0 e:/toolchain/avr8-gnu-toolchain/bin/../lib/gcc/avr/7.3.0/../../../../avr/lib/avr25\libm.a(fp_inf.o)
 .bss           0x0000000000000000        0x0 e:/toolchain/avr8-gnu-toolchain/bin/../lib/gcc/avr/7.3.0/../../../../avr/lib/avr25\libm.a(fp_inf.o)
 .text          0x0000000000000000        0x0 e:/toolchain/avr8-gnu-toolchain/bin/../lib/gcc/avr/7.3.0/../../../../avr/lib/avr25\libm.a(fp_nan.o)
 .data          0x0000000000000000        0x0 e:/toolchain/avr8-gnu-toolchain/bin/../lib/gcc/avr/7.3.0/../../../../avr/lib/avr25\libm.a(fp_nan.o)
 .bss           0x0000000000000000        0x0 e:/toolchain/avr8-gnu-toolchain/bin/../lib/gcc/avr/7.3.0/../../../../avr/lib/avr25\libm.a(fp_nan.o)
 .text          0x0000000000000000        0x0 e:/toolchain/avr8-gnu-toolchain/bin/../lib/gcc/avr/7.3.0/../../../../avr/lib/avr25\libm.a(fp_pscA.o)
 .data          0x0000000000000000        0x0 e:/toolchain/avr8-gnu-toolchain/bin/../lib/gcc/avr/7.3.0/../../../../avr/lib/avr25\libm.a(fp_pscA.o)
 .bss           0x0000000000000000        0x0 e:/toolchain/avr8-gnu-toolchain/bin/../lib/gcc/avr/7.3.0/../../../../avr/lib/avr25\libm.a(fp_pscA.o)
 .text          0x0000000000000000        0x0 e:/toolchain/avr8-gnu-toolchain/bin/../lib/gcc/avr/7.3.0/../../../../avr/lib/avr25\libm.a(fp_pscB.o)
 .data          0x0000000000000000        0x0 e:/toolchain/avr8-gnu-toolchain/bin/../lib/gcc/avr/7.3.0/../../../../avr/lib/avr25\libm.a(fp_pscB.o)
 .bss           0x0000000000000000        0x0 e:/toolchain/avr8-gnu-toolchain/bin/../lib/gcc/avr/7.3.0/../../../../avr/lib/avr25\libm.a(fp_pscB.o)
 .text          0x0000000000000000        0x0 e:/toolchain/avr8-gnu-toolchain/bin/../lib/gcc/avr/7.3.0/../../../../avr/lib/avr25\libm.a(fp_round.o)
 .data          0x0000000000000000        0x0 e:/toolchain/avr8-gnu-toolchain/bin/../lib/gcc/avr/7.3.0/../../../../avr/lib/avr25\libm.a(fp_round.o)
 .bss           0x0000000000000000        0x0 e:/toolchain/avr8-gnu-toolchain/bin/../lib/gcc/avr/7.3.0/../../../../avr/lib/avr25\libm.a(fp_round.o)
 .text          0x0000000000000000        0x0 e:/toolchain/avr8-gnu-toolchain/bin/../lib/gcc/avr/7.3.0/../../../../avr/lib/avr25\libm.a(fp_split3.o)
 .data          0x0000000000000000        0x0 e:/toolchain/avr8-gnu-toolchain/bin/../lib/gcc/avr/7.3.0/../../../../avr/lib/avr25\libm.a(fp_split3.o)
 .bss           0x0000000000000000        0x0 e:/toolchain/avr8-gnu-toolchain/bin/../lib/gcc/avr/7.3.0/../../../../avr/lib/avr25\libm.a(fp_split3.o)
 .text          0x0000000000000000        0x0 e:/toolchain/avr8-gnu-toolchain/bin/../lib/gcc/avr/7.3.0/../../../../avr/lib/avr25\libm.a(fp_zero.o)
 .data          0x0000000000000000        0x0 e:/toolchain/avr8-gnu-toolchain/bin/../lib/gcc/avr/7.3.0/../../../../avr/lib/avr25\libm.a(fp_zero.o)
 .bss           0x0000000000000000        0x0 e:/toolchain/avr8-gnu-toolchain/bin/../lib/gcc/avr/7.3.0/../../../../avr/lib/avr25\libm.a(fp_zero.o)
 .text          0x0000000000000000        0x0 e:/toolchain/avr8-gnu-toolchain/bin/../lib/gcc/avr/7.3.0/../../../../avr/lib/avr25\libm.a(gesf2.o)
 .data          0x0000000000000000        0x0 e:/toolchain/avr8-gnu-toolchain/bin/../lib/gcc/avr/7.3.0/../../../../avr/lib/avr25\libm.a(gesf2.o)
 .bss           0x0000000000000000        0x0 e:/toolchain/avr8-gnu-toolchain/bin/../lib/gcc/avr/7.3.0/../../../../avr/lib/avr25\libm.a(gesf2.o)
 .text          0x0000000000000000        0x0 e:/toolchain/avr8-gnu-toolchain/bin/../lib/gcc/avr/7.3.0/../../../../avr/lib/avr25\libm.a(mulsf3.o)
 .data          0x0000000000000000        0x0 e:/toolchain/avr8-gnu-toolchain/bin/../lib/gcc/avr/7.3.0/../../../../avr/lib/avr25\libm.a(mulsf3.o)
 .bss           0x0000000000000000        0x0 e:/toolchain/avr8-gnu-toolchain/bin/../lib/gcc/avr/7.3.0/../../../../avr/lib/avr25\libm.a(mulsf3.o)
 .text          0x0000000000000000        0x0 e:/toolchain/avr8-gnu-toolchain/bin/../lib/gcc/avr/7.3.0/../../../../avr/lib/avr25\libm.a(mulsf3x.o)
 .data          0x0000000000000000        0x0 e:/toolchain/avr8-gnu-toolchain/bin/../lib/gcc/avr/7.3.0/../../../../avr/lib/avr25\libm.a(mulsf3x.o)
 .bss           0x0000000000000000        0x0 e:/toolchain/avr8-gnu-toolchain/bin/../lib/gcc/avr/7.3.0/../../../../avr/lib/avr25\libm.a(mulsf3x.o)

Memory Configuration

Name             Origin             Length             Attributes
text             0x0000000000000000 0x0000000000002000 xr
data             0x0000000000800100 0x0000000000000200 rw !x
eeprom           0x0000000000810000 0x0000000000000040 rw !x
fuse             0x0000000000820000 0x0000000000000003 rw !x
lock             0x0000000000830000 0x0000000000000400 rw !x
signature        0x0000000000840000 0x0000000000000400 rw !x
user_signatures  0x0000000000850000 0x0000000000000400 rw !x
*default*        0x0000000000000000 0xffffffffffffffff

Linker script and memory map

Address of section .data set to 0x800100
LOAD e:/toolchain/avr8-gnu-toolchain/bin/../lib/gcc/avr/7.3.0/../../../../avr/lib/avr25/crtattiny88.o
START GROUP
LOAD e:/toolchain/avr8-gnu-toolchain/bin/../lib/gcc/avr/7.3.0/../../../../avr/lib/avr25\libm.a
END GROUP
LOAD CMakeFiles/NixieClock.elf.dir/src/indication.c.obj
LOAD CMakeFiles/NixieClock.elf.dir/src/init.c.obj
LOAD CMakeFiles/NixieClock.elf.dir/src/main.c.obj
LOAD lib/ADC/libADC.a
LOAD lib/PID/libPID.a
LOAD lib/RTC/libRTC.a
LOAD lib/TWI/libTWI.a
START GROUP
LOAD e:/toolchain/avr8-gnu-toolchain/bin/../lib/gcc/avr/7.3.0/avr25\libgcc.a
LOAD e:/toolchain/avr8-gnu-toolchain/bin/../lib/gcc/avr/7.3.0/../../../../avr/lib/avr25\libm.a
LOAD e:/toolchain/avr8-gnu-toolchain/bin/../lib/gcc/avr/7.3.0/../../../../avr/lib/avr25\libc.a
LOAD e:/toolchain/avr8-gnu-toolchain/bin/../lib/gcc/avr/7.3.0/../../../../avr/lib/avr25\libattiny88.a
END GROUP
                0x0000000000000000                __TEXT_REGION_ORIGIN__ = DEFINED (__TEXT_REGION_ORIGIN__)?__TEXT_REGION_ORIGIN__:0x0
                [0x0000000000800100]                __DATA_REGION_ORIGIN__ = DEFINED (__DATA_REGION_ORIGIN__)?__DATA_REGION_ORIGIN__:0x800060
                [0x0000000000002000]                __TEXT_REGION_LENGTH__ = DEFINED (__TEXT_REGION_LENGTH__)?__TEXT_REGION_LENGTH__:0x2000
                [0x0000000000000200]                __DATA_REGION_LENGTH__ = DEFINED (__DATA_REGION_LENGTH__)?__DATA_REGION_LENGTH__:0xffa0
                [0x0000000000000040]                __EEPROM_REGION_LENGTH__ = DEFINED (__EEPROM_REGION_LENGTH__)?__EEPROM_REGION_LENGTH__:0x10000
                [0x0000000000000003]                __FUSE_REGION_LENGTH__ = DEFINED (__FUSE_REGION_LENGTH__)?__FUSE_REGION_LENGTH__:0x400
                0x0000000000000400                __LOCK_REGION_LENGTH__ = DEFINED (__LOCK_REGION_LENGTH__)?__LOCK_REGION_LENGTH__:0x400
                0x0000000000000400                __SIGNATURE_REGION_LENGTH__ = DEFINED (__SIGNATURE_REGION_LENGTH__)?__SIGNATURE_REGION_LENGTH__:0x400
                0x0000000000000400                __USER_SIGNATURE_REGION_LENGTH__ = DEFINED (__USER_SIGNATURE_REGION_LENGTH__)?__USER_SIGNATURE_REGION_LENGTH__:0x400

.hash
 *(.hash)

.dynsym
 *(.dynsym)

.dynstr
 *(.dynstr)

.gnu.version
 *(.gnu.version)

.gnu.version_d
 *(.gnu.version_d)

.gnu.version_r
 *(.gnu.version_r)

.rel.init
 *(.rel.init)

.rela.init
 *(.rela.init)

.rel.text
 *(.rel.text)
 *(.rel.text.*)
 *(.rel.gnu.linkonce.t*)

.rela.text
 *(.rela.text)
 *(.rela.text.*)
 *(.rela.gnu.linkonce.t*)

.rel.fini
 *(.rel.fini)

.rela.fini
 *(.rela.fini)

.rel.rodata
 *(.rel.rodata)
 *(.rel.rodata.*)
 *(.rel.gnu.linkonce.r*)

.rela.rodata
 *(.rela.rodata)
 *(.rela.rodata.*)
 *(.rela.gnu.linkonce.r*)

.rel.data
 *(.rel.data)
 *(.rel.data.*)
 *(.rel.gnu.linkonce.d*)

.rela.data
 *(.rela.data)
 *(.rela.data.*)
 *(.rela.gnu.linkonce.d*)

.rel.ctors
 *(.rel.ctors)

.rela.ctors
 *(.rela.ctors)

.rel.dtors
 *(.rel.dtors)

.rela.dtors
 *(.rela.dtors)

.rel.got
 *(.rel.got)

.rela.got
 *(.rela.got)

.rel.bss
 *(.rel.bss)

.rela.bss
 *(.rela.bss)

.rel.plt
 *(.rel.plt)

.rela.plt
 *(.rela.plt)

.text           0x0000000000000000     0x117a
 *(.vectors)
 .vectors       0x0000000000000000       0x28 e:/toolchain/avr8-gnu-toolchain/bin/../lib/gcc/avr/7.3.0/../../../../avr/lib/avr25/crtattiny88.o
                0x0000000000000000                __vector_default
                0x0000000000000000                __vectors
 *(.vectors)
 *(.progmem.gcc*)
                0x0000000000000028                . = ALIGN (0x2)
                0x0000000000000028                __trampolines_start = .
 *(.trampolines)
 .trampolines   0x0000000000000028        0x0 linker stubs
 *(.trampolines*)
                0x0000000000000028                __trampolines_end = .
 *libprintf_flt.a:*(.progmem.data)
 *libc.a:*(.progmem.data)
 *(.progmem*)
                0x0000000000000028                . = ALIGN (0x2)
 *(.jumptables)
 *(.jumptables*)
 *(.lowtext)
 *(.lowtext*)
                0x0000000000000028                __ctors_start = .
 *(.ctors)
                0x0000000000000028                __ctors_end = .
                0x0000000000000028                __dtors_start = .
 *(.dtors)
                0x0000000000000028                __dtors_end = .
 SORT(*)(.ctors)
 SORT(*)(.dtors)
 *(.init0)
 .init0         0x0000000000000028        0x0 e:/toolchain/avr8-gnu-toolchain/bin/../lib/gcc/avr/7.3.0/../../../../avr/lib/avr25/crtattiny88.o
                0x0000000000000028                __init
 *(.init0)
 *(.init1)
 *(.init1)
 *(.init2)
 .init2         0x0000000000000028        0xc e:/toolchain/avr8-gnu-toolchain/bin/../lib/gcc/avr/7.3.0/../../../../avr/lib/avr25/crtattiny88.o
 *(.init2)
 *(.init3)
 *(.init3)
 *(.init4)
 .init4         0x0000000000000034       0x10 e:/toolchain/avr8-gnu-toolchain/bin/../lib/gcc/avr/7.3.0/avr25\libgcc.a(_clear_bss.o)
                0x0000000000000034                __do_clear_bss
 *(.init4)
 *(.init5)
 *(.init5)
 *(.init6)
 *(.init6)
 *(.init7)
 *(.init7)
 *(.init8)
 *(.init8)
 *(.init9)
 .init9         0x0000000000000044        0x4 e:/toolchain/avr8-gnu-toolchain/bin/../lib/gcc/avr/7.3.0/../../../../avr/lib/avr25/crtattiny88.o
 *(.init9)
 *(.text)
 .text          0x0000000000000048        0x2 e:/toolchain/avr8-gnu-toolchain/bin/../lib/gcc/avr/7.3.0/../../../../avr/lib/avr25/crtattiny88.o
                0x0000000000000048                __vector_1
                0x0000000000000048                __bad_interrupt
                0x0000000000000048                __vector_6
                0x0000000000000048                __vector_3
                0x0000000000000048                __vector_11
                0x0000000000000048                __vector_13
                0x0000000000000048                __vector_17
                0x0000000000000048                __vector_19
                0x0000000000000048                __vector_7
                0x0000000000000048                __vector_5
                0x0000000000000048                __vector_4
                0x0000000000000048                __vector_9
                0x0000000000000048                __vector_2
                0x0000000000000048                __vector_15
                0x0000000000000048                __vector_8
                0x0000000000000048                __vector_14
                0x0000000000000048                __vector_10
                0x0000000000000048                __vector_18
                0x000000000000004a                . = ALIGN (0x2)
 *(.text.*)
 .text.AnodeSwitch
                0x000000000000004a       0x18 CMakeFiles/NixieClock.elf.dir/src/indication.c.obj
                0x000000000000004a                AnodeSwitch
 .text.CathodeSwitch
                0x0000000000000062       0x10 CMakeFiles/NixieClock.elf.dir/src/indication.c.obj
                0x0000000000000062                CathodeSwitch
 .text.Display_DeadTime
                0x0000000000000072        0xa CMakeFiles/NixieClock.elf.dir/src/indication.c.obj
                0x0000000000000072                Display_DeadTime
 .text.SoftStart
                0x000000000000007c       0x5a CMakeFiles/NixieClock.elf.dir/src/indication.c.obj
                0x000000000000007c                SoftStart
 .text.SoftTurnoff
                0x00000000000000d6       0x52 CMakeFiles/NixieClock.elf.dir/src/indication.c.obj
                0x00000000000000d6                SoftTurnoff
 .text.IO_Init  0x0000000000000128       0x1a CMakeFiles/NixieClock.elf.dir/src/init.c.obj
                0x0000000000000128                IO_Init
 .text.TIMx_Init
                0x0000000000000142       0x50 CMakeFiles/NixieClock.elf.dir/src/init.c.obj
                0x0000000000000142                TIMx_Init
 .text.__vector_12
                0x0000000000000192      0x178 CMakeFiles/NixieClock.elf.dir/src/main.c.obj
                0x0000000000000192                __vector_12
 .text.__vector_16
                0x000000000000030a      0x118 CMakeFiles/NixieClock.elf.dir/src/main.c.obj
                0x000000000000030a                __vector_16
 .text.startup.main
                0x0000000000000422      0x76e CMakeFiles/NixieClock.elf.dir/src/main.c.obj
                0x0000000000000422                main
 .text.ADC_Init
                0x0000000000000b90       0x22 lib/ADC/libADC.a(ADC.c.obj)
                0x0000000000000b90                ADC_Init
 .text.arm_pid_f32
                0x0000000000000bb2       0xb4 lib/PID/libPID.a(PID.c.obj)
                0x0000000000000bb2                arm_pid_f32
 .text.arm_pid_init_f32
                0x0000000000000c66       0xa2 lib/PID/libPID.a(PID.c.obj)
                0x0000000000000c66                arm_pid_init_f32
 .text.RTC_BCDtoDEC
                0x0000000000000d08       0x16 lib/RTC/libRTC.a(RTC.c.obj)
                0x0000000000000d08                RTC_BCDtoDEC
 .text.RTC_DECtoBCD
                0x0000000000000d1e        0xc lib/RTC/libRTC.a(RTC.c.obj)
                0x0000000000000d1e                RTC_DECtoBCD
 .text.I2C_Init
                0x0000000000000d2a        0x8 lib/TWI/libTWI.a(TWI.c.obj)
                0x0000000000000d2a                I2C_Init
 .text.I2C_Start
                0x0000000000000d32       0x10 lib/TWI/libTWI.a(TWI.c.obj)
                0x0000000000000d32                I2C_Start
 .text.I2C_Stop
                0x0000000000000d42        0x8 lib/TWI/libTWI.a(TWI.c.obj)
                0x0000000000000d42                I2C_Stop
 .text.I2C_SendByte
                0x0000000000000d4a       0x14 lib/TWI/libTWI.a(TWI.c.obj)
                0x0000000000000d4a                I2C_SendByte
 .text.I2C_ReadByte
                0x0000000000000d5e       0x14 lib/TWI/libTWI.a(TWI.c.obj)
                0x0000000000000d5e                I2C_ReadByte
 .text.I2C_ReadLastByte
                0x0000000000000d72       0x14 lib/TWI/libTWI.a(TWI.c.obj)
                0x0000000000000d72                I2C_ReadLastByte
 .text.libgcc.div
                0x0000000000000d86       0x18 e:/toolchain/avr8-gnu-toolchain/bin/../lib/gcc/avr/7.3.0/avr25\libgcc.a(_udivmodqi4.o)
                0x0000000000000d86                __udivmodqi4
 .text.libgcc.div
                0x0000000000000d9e       0x28 e:/toolchain/avr8-gnu-toolchain/bin/../lib/gcc/avr/7.3.0/avr25\libgcc.a(_udivmodhi4.o)
                0x0000000000000d9e                __udivmodhi4
 .text.libgcc.div
                0x0000000000000dc6       0x44 e:/toolchain/avr8-gnu-toolchain/bin/../lib/gcc/avr/7.3.0/avr25\libgcc.a(_udivmodsi4.o)
                0x0000000000000dc6                __udivmodsi4
 .text.avr-libc.fplib
                0x0000000000000e0a        0xa e:/toolchain/avr8-gnu-toolchain/bin/../lib/gcc/avr/7.3.0/../../../../avr/lib/avr25\libm.a(addsf3.o)
                0x0000000000000e0a                __subsf3
                0x0000000000000e0c                __addsf3
 .text.avr-libc.fplib
                0x0000000000000e14       0xc0 e:/toolchain/avr8-gnu-toolchain/bin/../lib/gcc/avr/7.3.0/../../../../avr/lib/avr25\libm.a(addsf3x.o)
                0x0000000000000e2e                __addsf3x
 .text.avr-libc.fplib
                0x0000000000000ed4        0x8 e:/toolchain/avr8-gnu-toolchain/bin/../lib/gcc/avr/7.3.0/../../../../avr/lib/avr25\libm.a(cmpsf2.o)
                0x0000000000000ed4                __nesf2
                0x0000000000000ed4                __eqsf2
                0x0000000000000ed4                __cmpsf2
                0x0000000000000ed4                __ltsf2
                0x0000000000000ed4                __lesf2
 .text.avr-libc.fplib
                0x0000000000000edc       0x58 e:/toolchain/avr8-gnu-toolchain/bin/../lib/gcc/avr/7.3.0/../../../../avr/lib/avr25\libm.a(fixunssfsi.o)
                0x0000000000000edc                __fixunssfsi
 .text.avr-libc.fplib
                0x0000000000000f34       0x7a e:/toolchain/avr8-gnu-toolchain/bin/../lib/gcc/avr/7.3.0/../../../../avr/lib/avr25\libm.a(floatsisf.o)
                0x0000000000000f34                __floatunsisf
                0x0000000000000f38                __floatsisf
 .text.avr-libc.fplib
                0x0000000000000fae       0x48 e:/toolchain/avr8-gnu-toolchain/bin/../lib/gcc/avr/7.3.0/../../../../avr/lib/avr25\libm.a(fp_cmp.o)
                0x0000000000000fae                __fp_cmp
 .text.avr-libc.fplib
                0x0000000000000ff6        0xc e:/toolchain/avr8-gnu-toolchain/bin/../lib/gcc/avr/7.3.0/../../../../avr/lib/avr25\libm.a(fp_inf.o)
                0x0000000000000ff6                __fp_inf
 .text.avr-libc.fplib
                0x0000000000001002        0x6 e:/toolchain/avr8-gnu-toolchain/bin/../lib/gcc/avr/7.3.0/../../../../avr/lib/avr25\libm.a(fp_nan.o)
                0x0000000000001002                __fp_nan
 .text.avr-libc.fplib
                0x0000000000001008        0xe e:/toolchain/avr8-gnu-toolchain/bin/../lib/gcc/avr/7.3.0/../../../../avr/lib/avr25\libm.a(fp_pscA.o)
                0x0000000000001008                __fp_pscA
 .text.avr-libc.fplib
                0x0000000000001016        0xe e:/toolchain/avr8-gnu-toolchain/bin/../lib/gcc/avr/7.3.0/../../../../avr/lib/avr25\libm.a(fp_pscB.o)
                0x0000000000001016                __fp_pscB
 .text.avr-libc.fplib
                0x0000000000001024       0x22 e:/toolchain/avr8-gnu-toolchain/bin/../lib/gcc/avr/7.3.0/../../../../avr/lib/avr25\libm.a(fp_round.o)
                0x0000000000001024                __fp_round
 .text.avr-libc.fplib
                0x0000000000001046       0x44 e:/toolchain/avr8-gnu-toolchain/bin/../lib/gcc/avr/7.3.0/../../../../avr/lib/avr25\libm.a(fp_split3.o)
                0x0000000000001046                __fp_split3
                0x0000000000001056                __fp_splitA
 .text.avr-libc.fplib
                0x000000000000108a        0xe e:/toolchain/avr8-gnu-toolchain/bin/../lib/gcc/avr/7.3.0/../../../../avr/lib/avr25\libm.a(fp_zero.o)
                0x000000000000108a                __fp_zero
                0x000000000000108c                __fp_szero
 .text.avr-libc.fplib
                0x0000000000001098        0x8 e:/toolchain/avr8-gnu-toolchain/bin/../lib/gcc/avr/7.3.0/../../../../avr/lib/avr25\libm.a(gesf2.o)
                0x0000000000001098                __gesf2
                0x0000000000001098                __gtsf2
 .text.avr-libc.fplib
                0x00000000000010a0        0x4 e:/toolchain/avr8-gnu-toolchain/bin/../lib/gcc/avr/7.3.0/../../../../avr/lib/avr25\libm.a(mulsf3.o)
                0x00000000000010a0                __mulsf3
 .text.avr-libc.fplib
                0x00000000000010a4       0xd2 e:/toolchain/avr8-gnu-toolchain/bin/../lib/gcc/avr/7.3.0/../../../../avr/lib/avr25\libm.a(mulsf3x.o)
                0x00000000000010b6                __mulsf3x
                0x00000000000010ba                __mulsf3_pse
                0x0000000000001176                . = ALIGN (0x2)
 *(.fini9)
 .fini9         0x0000000000001176        0x0 e:/toolchain/avr8-gnu-toolchain/bin/../lib/gcc/avr/7.3.0/avr25\libgcc.a(_exit.o)
                0x0000000000001176                _exit
                0x0000000000001176                exit
 *(.fini9)
 *(.fini8)
 *(.fini8)
 *(.fini7)
 *(.fini7)
 *(.fini6)
 *(.fini6)
 *(.fini5)
 *(.fini5)
 *(.fini4)
 *(.fini4)
 *(.fini3)
 *(.fini3)
 *(.fini2)
 *(.fini2)
 *(.fini1)
 *(.fini1)
 *(.fini0)
 .fini0         0x0000000000001176        0x4 e:/toolchain/avr8-gnu-toolchain/bin/../lib/gcc/avr/7.3.0/avr25\libgcc.a(_exit.o)
 *(.fini0)
                0x000000000000117a                _etext = .

.data           0x0000000000800100        0x0 load address 0x000000000000117a
                [!provide]                        PROVIDE (__data_start, .)
 *(.data)
 *(.data*)
 *(.gnu.linkonce.d*)
 *(.rodata)
 *(.rodata*)
 *(.gnu.linkonce.r*)
                0x0000000000800100                . = ALIGN (0x2)
                0x0000000000800100                _edata = .
                [!provide]                        PROVIDE (__data_end, .)

.bss            0x0000000000800100       0x60
                0x0000000000800100                PROVIDE (__bss_start, .)
 *(.bss)
 *(.bss*)
 .bss.buttonCounter.1909
                0x0000000000800100        0x1 CMakeFiles/NixieClock.elf.dir/src/main.c.obj
 *(COMMON)
 COMMON         0x0000000000800101       0x5f CMakeFiles/NixieClock.elf.dir/src/indication.c.obj
                0x0000000000800101                temperature
                0x000000000080010d                voltage
                0x000000000080014b                cad
                0x0000000000800151                time
                0x0000000000800155                indication
                0x0000000000800160                PROVIDE (__bss_end, .)
                0x000000000000117a                __data_load_start = LOADADDR (.data)
                0x000000000000117a                __data_load_end = (__data_load_start + SIZEOF (.data))

.noinit         0x0000000000800160        0x0
                [!provide]                        PROVIDE (__noinit_start, .)
 *(.noinit*)
                [!provide]                        PROVIDE (__noinit_end, .)
                0x0000000000800160                _end = .
                [!provide]                        PROVIDE (__heap_start, .)

.eeprom         0x0000000000810000        0x0
 *(.eeprom*)
                0x0000000000810000                __eeprom_end = .

.fuse
 *(.fuse)
 *(.lfuse)
 *(.hfuse)
 *(.efuse)

.lock
 *(.lock*)

.signature
 *(.signature*)

.user_signatures
 *(.user_signatures*)

.stab
 *(.stab)

.stabstr
 *(.stabstr)

.stab.excl
 *(.stab.excl)

.stab.exclstr
 *(.stab.exclstr)

.stab.index
 *(.stab.index)

.stab.indexstr
 *(.stab.indexstr)

.comment        0x0000000000000000       0x30
 *(.comment)
 .comment       0x0000000000000000       0x30 CMakeFiles/NixieClock.elf.dir/src/indication.c.obj
                                         0x31 (size before relaxing)
 .comment       0x0000000000000030       0x31 CMakeFiles/NixieClock.elf.dir/src/init.c.obj
 .comment       0x0000000000000030       0x31 CMakeFiles/NixieClock.elf.dir/src/main.c.obj
 .comment       0x0000000000000030       0x31 lib/ADC/libADC.a(ADC.c.obj)
 .comment       0x0000000000000030       0x31 lib/PID/libPID.a(PID.c.obj)
 .comment       0x0000000000000030       0x31 lib/RTC/libRTC.a(RTC.c.obj)
 .comment       0x0000000000000030       0x31 lib/TWI/libTWI.a(TWI.c.obj)

.note.gnu.avr.deviceinfo
                0x0000000000000000       0x3c
 .note.gnu.avr.deviceinfo
                0x0000000000000000       0x3c e:/toolchain/avr8-gnu-toolchain/bin/../lib/gcc/avr/7.3.0/../../../../avr/lib/avr25/crtattiny88.o

.note.gnu.build-id
 *(.note.gnu.build-id)

.debug
 *(.debug)

.line
 *(.line)

.debug_srcinfo
 *(.debug_srcinfo)

.debug_sfnames
 *(.debug_sfnames)

.debug_aranges  0x0000000000000000      0x160
 *(.debug_aranges)
 .debug_aranges
                0x0000000000000000       0x40 CMakeFiles/NixieClock.elf.dir/src/indication.c.obj
 .debug_aranges
                0x0000000000000040       0x28 CMakeFiles/NixieClock.elf.dir/src/init.c.obj
 .debug_aranges
                0x0000000000000068       0x30 CMakeFiles/NixieClock.elf.dir/src/main.c.obj
 .debug_aranges
                0x0000000000000098       0x20 lib/ADC/libADC.a(ADC.c.obj)
 .debug_aranges
                0x00000000000000b8       0x30 lib/PID/libPID.a(PID.c.obj)
 .debug_aranges
                0x00000000000000e8       0x28 lib/RTC/libRTC.a(RTC.c.obj)
 .debug_aranges
                0x0000000000000110       0x50 lib/TWI/libTWI.a(TWI.c.obj)

.debug_pubnames
 *(.debug_pubnames)

.debug_info     0x0000000000000000     0x1a34
 *(.debug_info .gnu.linkonce.wi.*)
 .debug_info    0x0000000000000000      0x576 e:/toolchain/avr8-gnu-toolchain/bin/../lib/gcc/avr/7.3.0/../../../../avr/lib/avr25/crtattiny88.o
 .debug_info    0x0000000000000576      0x4ed CMakeFiles/NixieClock.elf.dir/src/indication.c.obj
 .debug_info    0x0000000000000a63       0xad CMakeFiles/NixieClock.elf.dir/src/init.c.obj
 .debug_info    0x0000000000000b10      0xa4d CMakeFiles/NixieClock.elf.dir/src/main.c.obj
 .debug_info    0x000000000000155d       0x83 lib/ADC/libADC.a(ADC.c.obj)
 .debug_info    0x00000000000015e0      0x1db lib/PID/libPID.a(PID.c.obj)
 .debug_info    0x00000000000017bb       0xc5 lib/RTC/libRTC.a(RTC.c.obj)
 .debug_info    0x0000000000001880      0x1b4 lib/TWI/libTWI.a(TWI.c.obj)

.debug_abbrev   0x0000000000000000      0xbca
 *(.debug_abbrev)
 .debug_abbrev  0x0000000000000000      0x52b e:/toolchain/avr8-gnu-toolchain/bin/../lib/gcc/avr/7.3.0/../../../../avr/lib/avr25/crtattiny88.o
 .debug_abbrev  0x000000000000052b      0x13f CMakeFiles/NixieClock.elf.dir/src/indication.c.obj
 .debug_abbrev  0x000000000000066a       0x7a CMakeFiles/NixieClock.elf.dir/src/init.c.obj
 .debug_abbrev  0x00000000000006e4      0x1d0 CMakeFiles/NixieClock.elf.dir/src/main.c.obj
 .debug_abbrev  0x00000000000008b4       0x51 lib/ADC/libADC.a(ADC.c.obj)
 .debug_abbrev  0x0000000000000905      0x12a lib/PID/libPID.a(PID.c.obj)
 .debug_abbrev  0x0000000000000a2f       0x7e lib/RTC/libRTC.a(RTC.c.obj)
 .debug_abbrev  0x0000000000000aad      0x11d lib/TWI/libTWI.a(TWI.c.obj)

.debug_line     0x0000000000000000      0xdd5
 *(.debug_line .debug_line.* .debug_line_end)
 .debug_line    0x0000000000000000       0x1a e:/toolchain/avr8-gnu-toolchain/bin/../lib/gcc/avr/7.3.0/../../../../avr/lib/avr25/crtattiny88.o
 .debug_line    0x000000000000001a      0x19f CMakeFiles/NixieClock.elf.dir/src/indication.c.obj
 .debug_line    0x00000000000001b9      0x111 CMakeFiles/NixieClock.elf.dir/src/init.c.obj
 .debug_line    0x00000000000002ca      0x704 CMakeFiles/NixieClock.elf.dir/src/main.c.obj
 .debug_line    0x00000000000009ce       0xaa lib/ADC/libADC.a(ADC.c.obj)
 .debug_line    0x0000000000000a78      0x103 lib/PID/libPID.a(PID.c.obj)
 .debug_line    0x0000000000000b7b       0xb2 lib/RTC/libRTC.a(RTC.c.obj)
 .debug_line    0x0000000000000c2d      0x1a8 lib/TWI/libTWI.a(TWI.c.obj)

.debug_frame    0x0000000000000000      0x35c
 *(.debug_frame)
 .debug_frame   0x0000000000000000       0xa4 CMakeFiles/NixieClock.elf.dir/src/indication.c.obj
 .debug_frame   0x00000000000000a4       0x34 CMakeFiles/NixieClock.elf.dir/src/init.c.obj
 .debug_frame   0x00000000000000d8       0xd4 CMakeFiles/NixieClock.elf.dir/src/main.c.obj
 .debug_frame   0x00000000000001ac       0x24 lib/ADC/libADC.a(ADC.c.obj)
 .debug_frame   0x00000000000001d0       0xd4 lib/PID/libPID.a(PID.c.obj)
 .debug_frame   0x00000000000002a4       0x34 lib/RTC/libRTC.a(RTC.c.obj)
 .debug_frame   0x00000000000002d8       0x84 lib/TWI/libTWI.a(TWI.c.obj)

.debug_str      0x0000000000000000      0x777
 *(.debug_str)
 .debug_str     0x0000000000000000      0x1d9 e:/toolchain/avr8-gnu-toolchain/bin/../lib/gcc/avr/7.3.0/../../../../avr/lib/avr25/crtattiny88.o
 .debug_str     0x00000000000001d9      0x365 CMakeFiles/NixieClock.elf.dir/src/indication.c.obj
                                        0x3a1 (size before relaxing)
 .debug_str     0x000000000000053e       0x3d CMakeFiles/NixieClock.elf.dir/src/init.c.obj
                                        0x170 (size before relaxing)
 .debug_str     0x000000000000057b      0x11a CMakeFiles/NixieClock.elf.dir/src/main.c.obj
                                        0x493 (size before relaxing)
 .debug_str     0x0000000000000695       0x29 lib/ADC/libADC.a(ADC.c.obj)
                                        0x165 (size before relaxing)
 .debug_str     0x00000000000006be       0x4a lib/PID/libPID.a(PID.c.obj)
                                        0x1c5 (size before relaxing)
 .debug_str     0x0000000000000708       0x29 lib/RTC/libRTC.a(RTC.c.obj)
                                        0x176 (size before relaxing)
 .debug_str     0x0000000000000731       0x46 lib/TWI/libTWI.a(TWI.c.obj)
                                        0x1c0 (size before relaxing)

.debug_loc      0x0000000000000000      0x787
 *(.debug_loc)
 .debug_loc     0x0000000000000000      0x1e0 CMakeFiles/NixieClock.elf.dir/src/indication.c.obj
 .debug_loc     0x00000000000001e0       0x3a CMakeFiles/NixieClock.elf.dir/src/init.c.obj
 .debug_loc     0x000000000000021a      0x1de CMakeFiles/NixieClock.elf.dir/src/main.c.obj
 .debug_loc     0x00000000000003f8      0x2b3 lib/PID/libPID.a(PID.c.obj)
 .debug_loc     0x00000000000006ab       0x42 lib/RTC/libRTC.a(RTC.c.obj)
 .debug_loc     0x00000000000006ed       0x9a lib/TWI/libTWI.a(TWI.c.obj)

.debug_macinfo
 *(.debug_macinfo)

.debug_weaknames
 *(.debug_weaknames)

.debug_funcnames
 *(.debug_funcnames)

.debug_typenames
 *(.debug_typenames)

.debug_varnames
 *(.debug_varnames)

.debug_pubtypes
 *(.debug_pubtypes)

.debug_ranges   0x0000000000000000       0xf0
 *(.debug_ranges)
 .debug_ranges  0x0000000000000000       0x30 CMakeFiles/NixieClock.elf.dir/src/indication.c.obj
 .debug_ranges  0x0000000000000030       0x18 CMakeFiles/NixieClock.elf.dir/src/init.c.obj
 .debug_ranges  0x0000000000000048       0x20 CMakeFiles/NixieClock.elf.dir/src/main.c.obj
 .debug_ranges  0x0000000000000068       0x10 lib/ADC/libADC.a(ADC.c.obj)
 .debug_ranges  0x0000000000000078       0x20 lib/PID/libPID.a(PID.c.obj)
 .debug_ranges  0x0000000000000098       0x18 lib/RTC/libRTC.a(RTC.c.obj)
 .debug_ranges  0x00000000000000b0       0x40 lib/TWI/libTWI.a(TWI.c.obj)

.debug_macro
 *(.debug_macro)
OUTPUT(NixieClock.elf elf32-avr)
LOAD linker stubs
